../Drivers/CMSIS/Include/core_cm4.h:1684:22:__NVIC_EnableIRQ	16	static,ignoring_inline_asm
../Drivers/CMSIS/Include/core_cm4.h:1814:22:__NVIC_SetPriority	16	static
../Core/Src/main.c:57:6:CLK_Config	4	static
../Core/Src/main.c:75:6:GPIO_Config	4	static
../Core/Src/main.c:84:6:EXTI_Config	8	static
../Core/Src/main.c:121:6:delay	16	static
../Core/Src/main.c:126:6:EXTI0_IRQHandler	8	static
../Core/Src/main.c:140:6:EXTI1_IRQHandler	8	static
../Core/Src/main.c:154:6:EXTI2_IRQHandler	8	static
../Core/Src/main.c:173:5:main	8	static
../Core/Src/main.c:219:6:SystemClock_Config	88	static
../Core/Src/main.c:264:6:Error_Handler	4	static,ignoring_inline_asm
