13:36:38 **** Incremental Build of configuration Debug for project HAL_EXTERNAL_INTERRUPT ****
make -j16 all 
arm-none-eabi-gcc "../Core/Src/main.c" -mcpu=cortex-m4 -std=gnu11 -g3 -DDEBUG -DUSE_HAL_DRIVER -DSTM32F407xx -c -I../Core/Inc -I../Drivers/STM32F4xx_HAL_Driver/Inc -I../Drivers/STM32F4xx_HAL_Driver/Inc/Legacy -I../Drivers/CMSIS/Device/ST/STM32F4xx/Include -I../Drivers/CMSIS/Include -O0 -ffunction-sections -fdata-sections -Wall -fstack-usage -fcyclomatic-complexity -MMD -MP -MF"Core/Src/main.d" -MT"Core/Src/main.o" --specs=nano.specs -mfpu=fpv4-sp-d16 -mfloat-abi=hard -mthumb -o "Core/Src/main.o"
arm-none-eabi-g++ -o "HAL_EXTERNAL_INTERRUPT.elf" @"objects.list"   -mcpu=cortex-m4 -T"C:\Users\pc\STM32CubeIDE\workspace_1.16.1\STM32\STM32F4_Basics\HAL_EXTERNAL_INTERRUPT\STM32F407VGTX_FLASH.ld" --specs=nosys.specs -Wl,-Map="HAL_EXTERNAL_INTERRUPT.map" -Wl,--gc-sections -static --specs=nano.specs -mfpu=fpv4-sp-d16 -mfloat-abi=hard -mthumb -Wl,--start-group -lc -lm -lstdc++ -lsupc++ -Wl,--end-group
Finished building target: HAL_EXTERNAL_INTERRUPT.elf
 
arm-none-eabi-size  HAL_EXTERNAL_INTERRUPT.elf 
arm-none-eabi-objdump -h -S HAL_EXTERNAL_INTERRUPT.elf  > "HAL_EXTERNAL_INTERRUPT.list"
   text	   data	    bss	    dec	    hex	filename
   6372	     28	   1572	   7972	   1f24	HAL_EXTERNAL_INTERRUPT.elf
Finished building: default.size.stdout
 
Finished building: HAL_EXTERNAL_INTERRUPT.list
 
13:36:42 **** Incremental Build of configuration Debug for project HAL_EXTERNAL_INTERRUPT ****
make -j16 all 
arm-none-eabi-size  HAL_EXTERNAL_INTERRUPT.elf 
   text	   data	    bss	    dec	    hex	filename
   6372	     28	   1572	   7972	   1f24	HAL_EXTERNAL_INTERRUPT.elf
Finished building: default.size.stdout
 
