17:15:33 **** Incremental Build of configuration Debug for project HAL_TIMER_EXTERNAL_TRIGGER_MODE_2 ****
make -j16 all 
arm-none-eabi-gcc "../Core/Src/main.c" -mcpu=cortex-m4 -std=gnu11 -g3 -DDEBUG -DUSE_HAL_DRIVER -DSTM32F407xx -c -I../Core/Inc -I../Drivers/STM32F4xx_HAL_Driver/Inc -I../Drivers/STM32F4xx_HAL_Driver/Inc/Legacy -I../Drivers/CMSIS/Device/ST/STM32F4xx/Include -I../Drivers/CMSIS/Include -O0 -ffunction-sections -fdata-sections -Wall -fstack-usage -fcyclomatic-complexity -MMD -MP -MF"Core/Src/main.d" -MT"Core/Src/main.o" --specs=nano.specs -mfpu=fpv4-sp-d16 -mfloat-abi=hard -mthumb -o "Core/Src/main.o"
arm-none-eabi-g++ -o "HAL_TIMER_EXTERNAL_TRIGGER_MODE_2.elf" @"objects.list"   -mcpu=cortex-m4 -T"C:\Users\pc\STM32CubeIDE\workspace_1.16.1\STM32\STM32F4_Basics\HAL_TIMER_EXTERNAL_TRIGGER_MODE_2\STM32F407VGTX_FLASH.ld" --specs=nosys.specs -Wl,-Map="HAL_TIMER_EXTERNAL_TRIGGER_MODE_2.map" -Wl,--gc-sections -static --specs=nano.specs -mfpu=fpv4-sp-d16 -mfloat-abi=hard -mthumb -Wl,--start-group -lc -lm -lstdc++ -lsupc++ -Wl,--end-group
Finished building target: HAL_TIMER_EXTERNAL_TRIGGER_MODE_2.elf
 
arm-none-eabi-size  HAL_TIMER_EXTERNAL_TRIGGER_MODE_2.elf 
arm-none-eabi-objdump -h -S HAL_TIMER_EXTERNAL_TRIGGER_MODE_2.elf  > "HAL_TIMER_EXTERNAL_TRIGGER_MODE_2.list"
   text	   data	    bss	    dec	    hex	filename
   7524	     12	   1644	   9180	   23dc	HAL_TIMER_EXTERNAL_TRIGGER_MODE_2.elf
Finished building: default.size.stdout
 
Finished building: HAL_TIMER_EXTERNAL_TRIGGER_MODE_2.list
 
17:15:35 **** Incremental Build of configuration Debug for project HAL_TIMER_EXTERNAL_TRIGGER_MODE_2 ****
make -j16 all 
arm-none-eabi-size  HAL_TIMER_EXTERNAL_TRIGGER_MODE_2.elf 
   text	   data	    bss	    dec	    hex	filename
   7524	     12	   1644	   9180	   23dc	HAL_TIMER_EXTERNAL_TRIGGER_MODE_2.elf
Finished building: default.size.stdout
 
17:17:19 **** Incremental Build of configuration Debug for project HAL_TIMER_EXTERNAL_TRIGGER_MODE_2 ****
make -j16 all 
arm-none-eabi-gcc "../Core/Src/main.c" -mcpu=cortex-m4 -std=gnu11 -g3 -DDEBUG -DUSE_HAL_DRIVER -DSTM32F407xx -c -I../Core/Inc -I../Drivers/STM32F4xx_HAL_Driver/Inc -I../Drivers/STM32F4xx_HAL_Driver/Inc/Legacy -I../Drivers/CMSIS/Device/ST/STM32F4xx/Include -I../Drivers/CMSIS/Include -O0 -ffunction-sections -fdata-sections -Wall -fstack-usage -fcyclomatic-complexity -MMD -MP -MF"Core/Src/main.d" -MT"Core/Src/main.o" --specs=nano.specs -mfpu=fpv4-sp-d16 -mfloat-abi=hard -mthumb -o "Core/Src/main.o"
arm-none-eabi-g++ -o "HAL_TIMER_EXTERNAL_TRIGGER_MODE_2.elf" @"objects.list"   -mcpu=cortex-m4 -T"C:\Users\pc\STM32CubeIDE\workspace_1.16.1\STM32\STM32F4_Basics\HAL_TIMER_EXTERNAL_TRIGGER_MODE_2\STM32F407VGTX_FLASH.ld" --specs=nosys.specs -Wl,-Map="HAL_TIMER_EXTERNAL_TRIGGER_MODE_2.map" -Wl,--gc-sections -static --specs=nano.specs -mfpu=fpv4-sp-d16 -mfloat-abi=hard -mthumb -Wl,--start-group -lc -lm -lstdc++ -lsupc++ -Wl,--end-group
Finished building target: HAL_TIMER_EXTERNAL_TRIGGER_MODE_2.elf
 
arm-none-eabi-size  HAL_TIMER_EXTERNAL_TRIGGER_MODE_2.elf 
arm-none-eabi-objdump -h -S HAL_TIMER_EXTERNAL_TRIGGER_MODE_2.elf  > "HAL_TIMER_EXTERNAL_TRIGGER_MODE_2.list"
   text	   data	    bss	    dec	    hex	filename
   7524	     12	   1644	   9180	   23dc	HAL_TIMER_EXTERNAL_TRIGGER_MODE_2.elf
Finished building: default.size.stdout
 
Finished building: HAL_TIMER_EXTERNAL_TRIGGER_MODE_2.list
 
17:18:10 **** Incremental Build of configuration Debug for project HAL_TIMER_EXTERNAL_TRIGGER_MODE_2 ****
make -j16 all 
arm-none-eabi-size  HAL_TIMER_EXTERNAL_TRIGGER_MODE_2.elf 
   text	   data	    bss	    dec	    hex	filename
   7524	     12	   1644	   9180	   23dc	HAL_TIMER_EXTERNAL_TRIGGER_MODE_2.elf
Finished building: default.size.stdout
 
17:21:31 **** Incremental Build of configuration Debug for project HAL_TIMER_EXTERNAL_TRIGGER_MODE_2 ****
make -j16 all 
arm-none-eabi-gcc "../Core/Src/main.c" -mcpu=cortex-m4 -std=gnu11 -g3 -DDEBUG -DUSE_HAL_DRIVER -DSTM32F407xx -c -I../Core/Inc -I../Drivers/STM32F4xx_HAL_Driver/Inc -I../Drivers/STM32F4xx_HAL_Driver/Inc/Legacy -I../Drivers/CMSIS/Device/ST/STM32F4xx/Include -I../Drivers/CMSIS/Include -O0 -ffunction-sections -fdata-sections -Wall -fstack-usage -fcyclomatic-complexity -MMD -MP -MF"Core/Src/main.d" -MT"Core/Src/main.o" --specs=nano.specs -mfpu=fpv4-sp-d16 -mfloat-abi=hard -mthumb -o "Core/Src/main.o"
arm-none-eabi-g++ -o "HAL_TIMER_EXTERNAL_TRIGGER_MODE_2.elf" @"objects.list"   -mcpu=cortex-m4 -T"C:\Users\pc\STM32CubeIDE\workspace_1.16.1\STM32\STM32F4_Basics\HAL_TIMER_EXTERNAL_TRIGGER_MODE_2\STM32F407VGTX_FLASH.ld" --specs=nosys.specs -Wl,-Map="HAL_TIMER_EXTERNAL_TRIGGER_MODE_2.map" -Wl,--gc-sections -static --specs=nano.specs -mfpu=fpv4-sp-d16 -mfloat-abi=hard -mthumb -Wl,--start-group -lc -lm -lstdc++ -lsupc++ -Wl,--end-group
Finished building target: HAL_TIMER_EXTERNAL_TRIGGER_MODE_2.elf
 
arm-none-eabi-size  HAL_TIMER_EXTERNAL_TRIGGER_MODE_2.elf 
arm-none-eabi-objdump -h -S HAL_TIMER_EXTERNAL_TRIGGER_MODE_2.elf  > "HAL_TIMER_EXTERNAL_TRIGGER_MODE_2.list"
   text	   data	    bss	    dec	    hex	filename
   7524	     12	   1644	   9180	   23dc	HAL_TIMER_EXTERNAL_TRIGGER_MODE_2.elf
Finished building: default.size.stdout
 
Finished building: HAL_TIMER_EXTERNAL_TRIGGER_MODE_2.list
 
