16:32:17 **** Incremental Build of configuration Debug for project HAL_TIMER_SLAVE_MODE_TRIGGER_MODE_INTERNAL ****
make -j16 all 
arm-none-eabi-gcc "../Core/Src/stm32f4xx_it.c" -mcpu=cortex-m4 -std=gnu11 -g3 -DDEBUG -DUSE_HAL_DRIVER -DSTM32F407xx -c -I../Core/Inc -I../Drivers/STM32F4xx_HAL_Driver/Inc -I../Drivers/STM32F4xx_HAL_Driver/Inc/Legacy -I../Drivers/CMSIS/Device/ST/STM32F4xx/Include -I../Drivers/CMSIS/Include -O0 -ffunction-sections -fdata-sections -Wall -fstack-usage -fcyclomatic-complexity -MMD -MP -MF"Core/Src/stm32f4xx_it.d" -MT"Core/Src/stm32f4xx_it.o" --specs=nano.specs -mfpu=fpv4-sp-d16 -mfloat-abi=hard -mthumb -o "Core/Src/stm32f4xx_it.o"
arm-none-eabi-g++ -o "HAL_TIMER_SLAVE_MODE_TRIGGER_MODE_INTERNAL.elf" @"objects.list"   -mcpu=cortex-m4 -T"C:\Users\pc\STM32CubeIDE\workspace_1.16.1\STM32\STM32F4_Basics\HAL_TIMER_SLAVE_MODE_TRIGGER_MODE_INTERNAL\STM32F407VGTX_FLASH.ld" --specs=nosys.specs -Wl,-Map="HAL_TIMER_SLAVE_MODE_TRIGGER_MODE_INTERNAL.map" -Wl,--gc-sections -static --specs=nano.specs -mfpu=fpv4-sp-d16 -mfloat-abi=hard -mthumb -Wl,--start-group -lc -lm -lstdc++ -lsupc++ -Wl,--end-group
Finished building target: HAL_TIMER_SLAVE_MODE_TRIGGER_MODE_INTERNAL.elf
 
arm-none-eabi-size  HAL_TIMER_SLAVE_MODE_TRIGGER_MODE_INTERNAL.elf 
arm-none-eabi-objdump -h -S HAL_TIMER_SLAVE_MODE_TRIGGER_MODE_INTERNAL.elf  > "HAL_TIMER_SLAVE_MODE_TRIGGER_MODE_INTERNAL.list"
   text	   data	    bss	    dec	    hex	filename
   9172	     12	   1724	  10908	   2a9c	HAL_TIMER_SLAVE_MODE_TRIGGER_MODE_INTERNAL.elf
Finished building: default.size.stdout
 
Finished building: HAL_TIMER_SLAVE_MODE_TRIGGER_MODE_INTERNAL.list
 
16:32:23 **** Incremental Build of configuration Debug for project HAL_TIMER_SLAVE_MODE_TRIGGER_MODE_INTERNAL ****
make -j16 all 
arm-none-eabi-size  HAL_TIMER_SLAVE_MODE_TRIGGER_MODE_INTERNAL.elf 
   text	   data	    bss	    dec	    hex	filename
   9172	     12	   1724	  10908	   2a9c	HAL_TIMER_SLAVE_MODE_TRIGGER_MODE_INTERNAL.elf
Finished building: default.size.stdout
 
16:38:50 **** Incremental Build of configuration Debug for project HAL_TIMER_SLAVE_MODE_TRIGGER_MODE_INTERNAL ****
make -j16 all 
arm-none-eabi-gcc "../Core/Src/stm32f4xx_it.c" -mcpu=cortex-m4 -std=gnu11 -g3 -DDEBUG -DUSE_HAL_DRIVER -DSTM32F407xx -c -I../Core/Inc -I../Drivers/STM32F4xx_HAL_Driver/Inc -I../Drivers/STM32F4xx_HAL_Driver/Inc/Legacy -I../Drivers/CMSIS/Device/ST/STM32F4xx/Include -I../Drivers/CMSIS/Include -O0 -ffunction-sections -fdata-sections -Wall -fstack-usage -fcyclomatic-complexity -MMD -MP -MF"Core/Src/stm32f4xx_it.d" -MT"Core/Src/stm32f4xx_it.o" --specs=nano.specs -mfpu=fpv4-sp-d16 -mfloat-abi=hard -mthumb -o "Core/Src/stm32f4xx_it.o"
arm-none-eabi-g++ -o "HAL_TIMER_SLAVE_MODE_TRIGGER_MODE_INTERNAL.elf" @"objects.list"   -mcpu=cortex-m4 -T"C:\Users\pc\STM32CubeIDE\workspace_1.16.1\STM32\STM32F4_Basics\HAL_TIMER_SLAVE_MODE_TRIGGER_MODE_INTERNAL\STM32F407VGTX_FLASH.ld" --specs=nosys.specs -Wl,-Map="HAL_TIMER_SLAVE_MODE_TRIGGER_MODE_INTERNAL.map" -Wl,--gc-sections -static --specs=nano.specs -mfpu=fpv4-sp-d16 -mfloat-abi=hard -mthumb -Wl,--start-group -lc -lm -lstdc++ -lsupc++ -Wl,--end-group
Finished building target: HAL_TIMER_SLAVE_MODE_TRIGGER_MODE_INTERNAL.elf
 
arm-none-eabi-size  HAL_TIMER_SLAVE_MODE_TRIGGER_MODE_INTERNAL.elf 
arm-none-eabi-objdump -h -S HAL_TIMER_SLAVE_MODE_TRIGGER_MODE_INTERNAL.elf  > "HAL_TIMER_SLAVE_MODE_TRIGGER_MODE_INTERNAL.list"
   text	   data	    bss	    dec	    hex	filename
   9172	     12	   1724	  10908	   2a9c	HAL_TIMER_SLAVE_MODE_TRIGGER_MODE_INTERNAL.elf
Finished building: default.size.stdout
 
Finished building: HAL_TIMER_SLAVE_MODE_TRIGGER_MODE_INTERNAL.list
 
16:39:03 **** Incremental Build of configuration Debug for project HAL_TIMER_SLAVE_MODE_TRIGGER_MODE_INTERNAL ****
make -j16 all 
arm-none-eabi-size  HAL_TIMER_SLAVE_MODE_TRIGGER_MODE_INTERNAL.elf 
   text	   data	    bss	    dec	    hex	filename
   9172	     12	   1724	  10908	   2a9c	HAL_TIMER_SLAVE_MODE_TRIGGER_MODE_INTERNAL.elf
Finished building: default.size.stdout
 
