19:06:06 **** Incremental Build of configuration Debug for project HAL_MultipleADCReadAndInternalTemperatureSensor ****
make -j16 all 
arm-none-eabi-gcc "../Core/Src/main.c" -mcpu=cortex-m4 -std=gnu11 -g3 -DDEBUG -DUSE_HAL_DRIVER -DSTM32F407xx -c -I../Core/Inc -I../Drivers/STM32F4xx_HAL_Driver/Inc -I../Drivers/STM32F4xx_HAL_Driver/Inc/Legacy -I../Drivers/CMSIS/Device/ST/STM32F4xx/Include -I../Drivers/CMSIS/Include -O0 -ffunction-sections -fdata-sections -Wall -fstack-usage -fcyclomatic-complexity -MMD -MP -MF"Core/Src/main.d" -MT"Core/Src/main.o" --specs=nano.specs -mfpu=fpv4-sp-d16 -mfloat-abi=hard -mthumb -o "Core/Src/main.o"
arm-none-eabi-g++ -o "HAL_MultipleADCReadAndInternalTemperatureSensor.elf" @"objects.list"   -mcpu=cortex-m4 -T"C:\Users\pc\STM32CubeIDE\workspace_1.16.1\STM32\STM32F4_Basics\HAL_MultipleADCReadAndInternalTemperatureSensor\STM32F407VGTX_FLASH.ld" --specs=nosys.specs -Wl,-Map="HAL_MultipleADCReadAndInternalTemperatureSensor.map" -Wl,--gc-sections -static --specs=nano.specs -mfpu=fpv4-sp-d16 -mfloat-abi=hard -mthumb -Wl,--start-group -lc -lm -lstdc++ -lsupc++ -Wl,--end-group
Finished building target: HAL_MultipleADCReadAndInternalTemperatureSensor.elf
 
arm-none-eabi-size  HAL_MultipleADCReadAndInternalTemperatureSensor.elf 
arm-none-eabi-objdump -h -S HAL_MultipleADCReadAndInternalTemperatureSensor.elf  > "HAL_MultipleADCReadAndInternalTemperatureSensor.list"
   text	   data	    bss	    dec	    hex	filename
   9168	     16	   1744	  10928	   2ab0	HAL_MultipleADCReadAndInternalTemperatureSensor.elf
Finished building: default.size.stdout
 
Finished building: HAL_MultipleADCReadAndInternalTemperatureSensor.list
 
19:06:27 **** Incremental Build of configuration Debug for project HAL_MultipleADCReadAndInternalTemperatureSensor ****
make -j16 all 
arm-none-eabi-size  HAL_MultipleADCReadAndInternalTemperatureSensor.elf 
   text	   data	    bss	    dec	    hex	filename
   9168	     16	   1744	  10928	   2ab0	HAL_MultipleADCReadAndInternalTemperatureSensor.elf
Finished building: default.size.stdout
 
19:08:07 **** Incremental Build of configuration Debug for project HAL_MultipleADCReadAndInternalTemperatureSensor ****
make -j16 all 
arm-none-eabi-size  HAL_MultipleADCReadAndInternalTemperatureSensor.elf 
   text	   data	    bss	    dec	    hex	filename
   9168	     16	   1744	  10928	   2ab0	HAL_MultipleADCReadAndInternalTemperatureSensor.elf
Finished building: default.size.stdout
 
