17:14:24 **** Incremental Build of configuration Debug for project HAL-ADC ****
make -j16 all 
arm-none-eabi-gcc "../Core/Src/main.c" -mcpu=cortex-m4 -std=gnu11 -g3 -DDEBUG -DUSE_HAL_DRIVER -DSTM32F407xx -c -I../Core/Inc -I../Drivers/STM32F4xx_HAL_Driver/Inc -I../Drivers/STM32F4xx_HAL_Driver/Inc/Legacy -I../Drivers/CMSIS/Device/ST/STM32F4xx/Include -I../Drivers/CMSIS/Include -O0 -ffunction-sections -fdata-sections -Wall -fstack-usage -fcyclomatic-complexity -MMD -MP -MF"Core/Src/main.d" -MT"Core/Src/main.o" --specs=nano.specs -mfpu=fpv4-sp-d16 -mfloat-abi=hard -mthumb -o "Core/Src/main.o"
arm-none-eabi-g++ -o "HAL-ADC.elf" @"objects.list"   -mcpu=cortex-m4 -T"C:\Users\pc\STM32CubeIDE\workspace_1.16.1\STM32\STM32F4_Basics\HAL-ADC\STM32F407VGTX_FLASH.ld" --specs=nosys.specs -Wl,-Map="HAL-ADC.map" -Wl,--gc-sections -static --specs=nano.specs -mfpu=fpv4-sp-d16 -mfloat-abi=hard -mthumb -Wl,--start-group -lc -lm -lstdc++ -lsupc++ -Wl,--end-group
Finished building target: HAL-ADC.elf
 
arm-none-eabi-size  HAL-ADC.elf 
arm-none-eabi-objdump -h -S HAL-ADC.elf  > "HAL-ADC.list"
   text	   data	    bss	    dec	    hex	filename
  10664	     12	   1652	  12328	   3028	HAL-ADC.elf
Finished building: default.size.stdout
 
Finished building: HAL-ADC.list
 

17:14:25 Build Finished. 0 errors, 0 warnings. (took 552ms)

