13:32:27 **** Incremental Build of configuration Debug for project HAL_TIMER_SLAVE_MODE_RESET_MODE ****
make -j16 all 
arm-none-eabi-gcc "../Core/Src/main.c" -mcpu=cortex-m4 -std=gnu11 -g3 -DDEBUG -DUSE_HAL_DRIVER -DSTM32F407xx -c -I../Core/Inc -I../Drivers/STM32F4xx_HAL_Driver/Inc -I../Drivers/STM32F4xx_HAL_Driver/Inc/Legacy -I../Drivers/CMSIS/Device/ST/STM32F4xx/Include -I../Drivers/CMSIS/Include -O0 -ffunction-sections -fdata-sections -Wall -fstack-usage -fcyclomatic-complexity -MMD -MP -MF"Core/Src/main.d" -MT"Core/Src/main.o" --specs=nano.specs -mfpu=fpv4-sp-d16 -mfloat-abi=hard -mthumb -o "Core/Src/main.o"
arm-none-eabi-g++ -o "HAL_TIMER_SLAVE_MODE_RESET_MODE.elf" @"objects.list"   -mcpu=cortex-m4 -T"C:\Users\pc\STM32CubeIDE\workspace_1.16.1\STM32\STM32F4_Basics\HAL_TIMER_SLAVE_MODE_RESET_MODE\STM32F407VGTX_FLASH.ld" --specs=nosys.specs -Wl,-Map="HAL_TIMER_SLAVE_MODE_RESET_MODE.map" -Wl,--gc-sections -static --specs=nano.specs -mfpu=fpv4-sp-d16 -mfloat-abi=hard -mthumb -Wl,--start-group -lc -lm -lstdc++ -lsupc++ -Wl,--end-group
Finished building target: HAL_TIMER_SLAVE_MODE_RESET_MODE.elf
 
arm-none-eabi-size  HAL_TIMER_SLAVE_MODE_RESET_MODE.elf 
arm-none-eabi-objdump -h -S HAL_TIMER_SLAVE_MODE_RESET_MODE.elf  > "HAL_TIMER_SLAVE_MODE_RESET_MODE.list"
   text	   data	    bss	    dec	    hex	filename
   8248	     12	   1644	   9904	   26b0	HAL_TIMER_SLAVE_MODE_RESET_MODE.elf
Finished building: default.size.stdout
 
Finished building: HAL_TIMER_SLAVE_MODE_RESET_MODE.list
 

13:32:27 Build Finished. 0 errors, 0 warnings. (took 590ms)

