14:55:10 **** Incremental Build of configuration Debug for project HAL_PWM ****
make -j16 all 
arm-none-eabi-gcc "../Core/Src/main.c" -mcpu=cortex-m4 -std=gnu11 -g3 -DDEBUG -DUSE_HAL_DRIVER -DSTM32F407xx -c -I../Core/Inc -I../Drivers/STM32F4xx_HAL_Driver/Inc -I../Drivers/STM32F4xx_HAL_Driver/Inc/Legacy -I../Drivers/CMSIS/Device/ST/STM32F4xx/Include -I../Drivers/CMSIS/Include -O0 -ffunction-sections -fdata-sections -Wall -fstack-usage -fcyclomatic-complexity -MMD -MP -MF"Core/Src/main.d" -MT"Core/Src/main.o" --specs=nano.specs -mfpu=fpv4-sp-d16 -mfloat-abi=hard -mthumb -o "Core/Src/main.o"
arm-none-eabi-g++ -o "HAL_PWM.elf" @"objects.list"   -mcpu=cortex-m4 -T"C:\Users\pc\STM32CubeIDE\workspace_1.16.1\STM32\STM32F4_Basics\HAL_PWM\STM32F407VGTX_FLASH.ld" --specs=nosys.specs -Wl,-Map="HAL_PWM.map" -Wl,--gc-sections -static --specs=nano.specs -mfpu=fpv4-sp-d16 -mfloat-abi=hard -mthumb -Wl,--start-group -lc -lm -lstdc++ -lsupc++ -Wl,--end-group
Finished building target: HAL_PWM.elf
 
arm-none-eabi-size  HAL_PWM.elf 
arm-none-eabi-objdump -h -S HAL_PWM.elf  > "HAL_PWM.list"
   text	   data	    bss	    dec	    hex	filename
   8652	     12	   1644	  10308	   2844	HAL_PWM.elf
Finished building: default.size.stdout
 
Finished building: HAL_PWM.list
 

14:55:11 Build Finished. 0 errors, 0 warnings. (took 486ms)

